<html>
<body>
<pre>
<h1>µVision Build Log</h1>
<h2>Project:</h2>
C:\Users\Umesh\Desktop\LED_LPC2148\LEDLPC2148.uvproj
Project File Date:  10/09/2016

<h2>Output:</h2>
Rebuild target 'LEDLPC2148'
assembling Startup.s...
compiling main.c...
linking...
Program Size: Code=908 RO-data=32 RW-data=4 ZI-data=1260  
FromELF: creating hex file...
".\LEDLPC2148.axf" - 0 Error(s), 0 Warning(s).
</pre>
</body>
</html>
romELF: creating hex file...
".\LEDLPC2148.axf" - 0 Error(s), 1 Warning(s).
ed
mbols.
Not enough information to list the image map.
Finished: 2 information, 1 warning and 1 error messages.
".\LEDLPC2148.axf" - 1 Error(s), 1 Warning(s).
Target not created
